Microchip MPLAB XC8 Compiler V1.34 ()

Linker command line:

-W-3 --edf=E:\Xc8\dat\en_msgs.txt -cs \
  -h+dist/default/production\RTC_Driver.X.production.sym \
  --cmf=dist/default/production\RTC_Driver.X.production.cmf -z -Q18F87J11 \
  -oC:\Users\godbo\AppData\Local\Temp\smjk.6 \
  -Mdist/default/production/RTC_Driver.X.production.map -E1 -ver=XC8 \
  -ASTACK=060h-0f3fh -pstack=STACK -ACODE=00h-01FFF7h -ACONST=00h-01FFF7h \
  -ASMALLCONST=01000h-010FFhx495,01FF00h-01FFF7h \
  -AMEDIUMCONST=01000h-0FFFFh,011000h-01FFF7h -ACOMRAM=01h-05Fh \
  -AABS1=00h-0F3Fh -ABIGRAM=01h-0F3Fh \
  -ARAM=060h-0FFh,0100h-01FFhx14,0F00h-0F3Fh -ABANK0=060h-0FFh \
  -ABANK1=0100h-01FFh -ABANK2=0200h-02FFh -ABANK3=0300h-03FFh \
  -ABANK4=0400h-04FFh -ABANK5=0500h-05FFh -ABANK6=0600h-06FFh \
  -ABANK7=0700h-07FFh -ABANK8=0800h-08FFh -ABANK9=0900h-09FFh \
  -ABANK10=0A00h-0AFFh -ABANK11=0B00h-0BFFh -ABANK12=0C00h-0CFFh \
  -ABANK13=0D00h-0DFFh -ABANK14=0E00h-0EFFh -ABANK15=0F00h-0F3Fh \
  -ASFR=0F5Ah-0F5Fh,0F60h-0FFFh \
  -preset_vec=00h,intcode,intcodelo,powerup,init,end_init -pramtop=01000h \
  -psmallconst=SMALLCONST -pmediumconst=MEDIUMCONST -pconst=CONST \
  -AFARRAM=00h-00h -ACONFIG=01FFF8h-01FFFDh -pconfig=CONFIG \
  -pjflash_buffer=01F800h \
  -prdata=COMRAM,nvrram=COMRAM,nvbit=COMRAM,rbss=COMRAM,rbit=COMRAM \
  -pfarbss=FARRAM,fardata=FARRAM,nvFARRAM=FARRAM \
  -pintsave_regs=BIGRAM,bigbss=BIGRAM,bigdata=BIGRAM -pbss=RAM \
  -pidata=CODE,irdata=CODE,ibigdata=CODE,ifardata=CODE -prparam=COMRAM \
  C:\Users\godbo\AppData\Local\Temp\smjk.obj \
  dist/default/production\RTC_Driver.X.production.obj 

Object code version is 3.11

Machine type is 18F87J11

Call graph: (short form)




                Name                               Link     Load   Length Selector   Space Scale
C:\Users\godbo\AppData\Local\Temp\smjk.obj
                end_init                              0        0        4        0       0
                config                            1FFF8    1FFF8        6    1FFF8       0
dist/default/production\RTC_Driver.X.production.obj
                text8                             1FEC2    1FEC2       16     FF61       0
                text7                             1FE94    1FE94        6     FF4A       0
                text6                             1FE9A    1FE9A        6     FF4D       0
                text5                             1FEA0    1FEA0       10     FF50       0
                text4                             1FF16    1FF16       22     FF8B       0
                text3                             1FED8    1FED8       1E     FF6C       0
                text2                             1FEF6    1FEF6       20     FF7B       0
                text1                             1FF38    1FF38       48     FF9C       0
                text0                             1FF80    1FF80       78     FFC0       0
                cstackCOMRAM                          8        8        3        1       1
                bssCOMRAM                             1        1        7        1       1
                cinit                             1FEB0    1FEB0       12     FF58       0
                nvCOMRAM                              B        B        1        1       1

TOTAL           Name                               Link     Load   Length     Space
        CLASS   STACK          

        CLASS   CODE           
                end_init                              0        0        4         0
                text8                             1FEC2    1FEC2       16         0
                text7                             1FE94    1FE94        6         0
                text6                             1FE9A    1FE9A        6         0
                text5                             1FEA0    1FEA0       10         0
                text4                             1FF16    1FF16       22         0
                text3                             1FED8    1FED8       1E         0
                text2                             1FEF6    1FEF6       20         0
                text1                             1FF38    1FF38       48         0
                text0                             1FF80    1FF80       78         0
                cinit                             1FEB0    1FEB0       12         0

        CLASS   CONST          

        CLASS   SMALLCONST     

        CLASS   MEDIUMCONST    

        CLASS   COMRAM         
                cstackCOMRAM                          8        8        3         1
                bssCOMRAM                             1        1        7         1
                nvCOMRAM                              B        B        1         1

        CLASS   ABS1           

        CLASS   BIGRAM         

        CLASS   RAM            

        CLASS   BANK0          

        CLASS   BANK1          

        CLASS   BANK2          

        CLASS   BANK3          

        CLASS   BANK4          

        CLASS   BANK5          

        CLASS   BANK6          

        CLASS   BANK7          

        CLASS   BANK8          

        CLASS   BANK9          

        CLASS   BANK10         

        CLASS   BANK11         

        CLASS   BANK12         

        CLASS   BANK13         

        CLASS   BANK14         

        CLASS   BANK15         

        CLASS   SFR            

        CLASS   FARRAM         

        CLASS   CONFIG         
                config                            1FFF8    1FFF8        6         0

        CLASS   IDLOC          



SEGMENTS        Name                           Load    Length   Top    Selector   Space  Class

                reset_vec                      000000  000004  000004         0       0  CODE    
                bssCOMRAM                      000001  00000B  00000C         1       1  COMRAM  
                text7                          01FE94  000006  01FE9A      FF4A       0  CODE    
                text6                          01FE9A  000006  01FEA0      FF4D       0  CODE    
                text5                          01FEA0  000010  01FEB0      FF50       0  CODE    
                cinit                          01FEB0  000012  01FEC2      FF58       0  CODE    
                text8                          01FEC2  000016  01FED8      FF61       0  CODE    
                text3                          01FED8  00001E  01FEF6      FF6C       0  CODE    
                text2                          01FEF6  000020  01FF16      FF7B       0  CODE    
                text4                          01FF16  000022  01FF38      FF8B       0  CODE    
                text1                          01FF38  000048  01FF80      FF9C       0  CODE    
                text0                          01FF80  000078  01FFF8      FFC0       0  CODE    
                config                         01FFF8  000006  01FFFE     1FFF8       0  CONFIG  


UNUSED ADDRESS RANGES

        Name                Unused          Largest block    Delta
        BANK0            00060-000FF              A0
        BANK1            00100-001FF             100
        BANK10           00A00-00AFF             100
        BANK11           00B00-00BFF             100
        BANK12           00C00-00CFF             100
        BANK13           00D00-00DFF             100
        BANK14           00E00-00EFF             100
        BANK15           00F00-00F3F              40
        BANK2            00200-002FF             100
        BANK3            00300-003FF             100
        BANK4            00400-004FF             100
        BANK5            00500-005FF             100
        BANK6            00600-006FF             100
        BANK7            00700-007FF             100
        BANK8            00800-008FF             100
        BANK9            00900-009FF             100
        BIGRAM           0000C-00F3F             F34
        CODE             00004-1FE93           1FE90
        COMRAM           0000C-0005F              54
        CONST            00004-1FE93           1FE90
        MEDIUMCONST      01000-0FFFF            F000
                         11000-1FE93            EE94
        RAM              00060-00F3F             100
        SFR              00F5A-00FFF               6
        SMALLCONST       01000-1FE93             100
        STACK            00060-00F3F             EE0

                                  Symbol Table

_PIR1bits                (abs)         00F9E
_PORTAbits               (abs)         00F80
_PORTCbits               (abs)         00F82
_SSP1BUF                 (abs)         00FC9
_SSP1CON1                (abs)         00FC6
_SSP1CON1bits            (abs)         00FC6
_SSP1STAT                (abs)         00FC7
_TRISA                   (abs)         00F92
_TRISC                   (abs)         00F94
__HRAM                   (abs)         00000
__Habs1                  abs1          00000
__Hbank0                 bank0         00000
__Hbank1                 bank1         00000
__Hbank10                bank10        00000
__Hbank11                bank11        00000
__Hbank12                bank12        00000
__Hbank13                bank13        00000
__Hbank14                bank14        00000
__Hbank15                bank15        00000
__Hbank2                 bank2         00000
__Hbank3                 bank3         00000
__Hbank4                 bank4         00000
__Hbank5                 bank5         00000
__Hbank6                 bank6         00000
__Hbank7                 bank7         00000
__Hbank8                 bank8         00000
__Hbank9                 bank9         00000
__Hbigbss                bigbss        00000
__Hbigdata               bigdata       00000
__Hbigram                bigram        00000
__Hbss                   bss           00000
__HbssCOMRAM             bssCOMRAM     00000
__Hcinit                 cinit         00000
__Hclrtext               clrtext       00000
__Hcomram                comram        00000
__Hconfig                config        1FFFE
__Hconst                 const         00000
__HcstackCOMRAM          cstackCOMRAM  00000
__Hdata                  data          00000
__Hend_init              end_init      00004
__Hfarbss                farbss        00000
__Hfardata               fardata       00000
__Hibigdata              ibigdata      00000
__Hidata                 idata         00000
__Hidloc                 idloc         00000
__Hifardata              ifardata      00000
__Hinit                  init          00000
__Hintcode               intcode       00000
__Hintcode_body          intcode_body  00000
__Hintcodelo             intcodelo     00000
__Hintentry              intentry      00000
__Hintret                intret        00000
__Hintsave_regs          intsave_regs  00000
__Hirdata                irdata        00000
__Hjflash_buffer         jflash_buffer 1F800
__Hmediumconst           mediumconst   00000
__HnvCOMRAM              nvCOMRAM      00000
__HnvFARRAM              nvFARRAM      00000
__Hnvbit                 nvbit         00000
__Hnvrram                nvrram        00000
__Hparam                 rparam        00000
__Hpowerup               powerup       00000
__Hram                   ram           00000
__Hramtop                ramtop        01000
__Hrbit                  rbit          00000
__Hrbss                  rbss          00000
__Hrdata                 rdata         00000
__Hreset_vec             reset_vec     00000
__Hrparam                rparam        00000
__Hsfr                   sfr           00000
__Hsmallconst            smallconst    00000
__Hspace_0               (abs)         1FFFE
__Hspace_1               (abs)         0000C
__Hspace_2               (abs)         00000
__Hstack                 stack         00000
__Hstruct                struct        00000
__Htemp                  temp          00000
__Htext                  text          00000
__Htext0                 text0         00000
__Htext1                 text1         00000
__Htext2                 text2         00000
__Htext3                 text3         00000
__Htext4                 text4         00000
__Htext5                 text5         00000
__Htext6                 text6         00000
__Htext7                 text7         00000
__Htext8                 text8         00000
__LRAM                   (abs)         00001
__Labs1                  abs1          00000
__Lbank0                 bank0         00000
__Lbank1                 bank1         00000
__Lbank10                bank10        00000
__Lbank11                bank11        00000
__Lbank12                bank12        00000
__Lbank13                bank13        00000
__Lbank14                bank14        00000
__Lbank15                bank15        00000
__Lbank2                 bank2         00000
__Lbank3                 bank3         00000
__Lbank4                 bank4         00000
__Lbank5                 bank5         00000
__Lbank6                 bank6         00000
__Lbank7                 bank7         00000
__Lbank8                 bank8         00000
__Lbank9                 bank9         00000
__Lbigbss                bigbss        00000
__Lbigdata               bigdata       00000
__Lbigram                bigram        00000
__Lbss                   bss           00000
__LbssCOMRAM             bssCOMRAM     00000
__Lcinit                 cinit         00000
__Lclrtext               clrtext       00000
__Lcomram                comram        00000
__Lconfig                config        1FFF8
__Lconst                 const         00000
__LcstackCOMRAM          cstackCOMRAM  00000
__Ldata                  data          00000
__Lend_init              end_init      00000
__Lfarbss                farbss        00000
__Lfardata               fardata       00000
__Libigdata              ibigdata      00000
__Lidata                 idata         00000
__Lidloc                 idloc         00000
__Lifardata              ifardata      00000
__Linit                  init          00000
__Lintcode               intcode       00000
__Lintcode_body          intcode_body  00000
__Lintcodelo             intcodelo     00000
__Lintentry              intentry      00000
__Lintret                intret        00000
__Lintsave_regs          intsave_regs  00000
__Lirdata                irdata        00000
__Ljflash_buffer         jflash_buffer 1F800
__Lmediumconst           mediumconst   00000
__LnvCOMRAM              nvCOMRAM      00000
__LnvFARRAM              nvFARRAM      00000
__Lnvbit                 nvbit         00000
__Lnvrram                nvrram        00000
__Lparam                 rparam        00000
__Lpowerup               powerup       00000
__Lram                   ram           00000
__Lramtop                ramtop        01000
__Lrbit                  rbit          00000
__Lrbss                  rbss          00000
__Lrdata                 rdata         00000
__Lreset_vec             reset_vec     00000
__Lrparam                rparam        00000
__Lsfr                   sfr           00000
__Lsmallconst            smallconst    00000
__Lspace_0               (abs)         00000
__Lspace_1               (abs)         00000
__Lspace_2               (abs)         00000
__Lstack                 stack         00000
__Lstruct                struct        00000
__Ltemp                  temp          00000
__Ltext                  text          00000
__Ltext0                 text0         00000
__Ltext1                 text1         00000
__Ltext2                 text2         00000
__Ltext3                 text3         00000
__Ltext4                 text4         00000
__Ltext5                 text5         00000
__Ltext6                 text6         00000
__Ltext7                 text7         00000
__Ltext8                 text8         00000
__S0                     (abs)         1FFFE
__S1                     (abs)         0000C
__S2                     (abs)         00000
___extmem_base           (abs)         20000
___inthi_sp              stack         00000
___intlo_sp              stack         00000
___param_bank            (abs)         00010
___rparam_used           (abs)         00001
___sp                    stack         00000
__accesstop              (abs)         00060
__activetblptr           (abs)         00000
__end_of__initialization cinit         1FEBC
__end_of_ini_spi_rtcc    text2         1FF16
__end_of_ini_spi_time    text1         1FF80
__end_of_main            text0         1FFF8
__end_of_spi_rdbyte      text8         1FED8
__end_of_spi_rtcc_rd     text4         1FF38
__end_of_spi_rtcc_start  text7         1FE9A
__end_of_spi_rtcc_stop   text6         1FEA0
__end_of_spi_rtcc_wr     text3         1FEF6
__end_of_spi_wrbyte      text5         1FEB0
__initialization         cinit         1FEB0
__mediumconst            mediumconst   00000
__pbssCOMRAM             bssCOMRAM     00001
__pcinit                 cinit         1FEB0
__pcstackCOMRAM          cstackCOMRAM  00008
__pnvCOMRAM              nvCOMRAM      0000B
__ptext0                 text0         1FF80
__ptext1                 text1         1FF38
__ptext2                 text2         1FEF6
__ptext3                 text3         1FED8
__ptext4                 text4         1FF16
__ptext5                 text5         1FEA0
__ptext6                 text6         1FE9A
__ptext7                 text7         1FE94
__ptext8                 text8         1FEC2
__ramtop                 ramtop        01000
__size_of_ini_spi_rtcc   (abs)         00000
__size_of_ini_spi_time   (abs)         00000
__size_of_main           (abs)         00000
__size_of_spi_rdbyte     (abs)         00000
__size_of_spi_rtcc_rd    (abs)         00000
__size_of_spi_rtcc_start (abs)         00000
__size_of_spi_rtcc_stop  (abs)         00000
__size_of_spi_rtcc_wr    (abs)         00000
__size_of_spi_wrbyte     (abs)         00000
__smallconst             smallconst    00000
_dat                     bssCOMRAM     00001
_day                     nvCOMRAM      0000B
_hr                      bssCOMRAM     00002
_ini_spi_rtcc            text2         1FEF6
_ini_spi_time            text1         1FF38
_main                    text0         1FF80
_min                     bssCOMRAM     00003
_mon                     bssCOMRAM     00004
_rtcc_buf                bssCOMRAM     00005
_sec                     bssCOMRAM     00006
_spi_rdbyte              text8         1FEC2
_spi_rtcc_rd             text4         1FF16
_spi_rtcc_start          text7         1FE94
_spi_rtcc_stop           text6         1FE9A
_spi_rtcc_wr             text3         1FED8
_spi_wrbyte              text5         1FEA0
_yr                      bssCOMRAM     00007
end_of_initialization    cinit         1FEBC
intlevel0                text          00000
intlevel1                text          00000
intlevel2                text          00000
intlevel3                text          00000
spi_rdbyte@aux           cstackCOMRAM  00008
spi_rtcc_rd@rtcc_reg     cstackCOMRAM  00009
spi_rtcc_wr@rtcc_reg     cstackCOMRAM  0000A
spi_rtcc_wr@time_var     cstackCOMRAM  00009
spi_wrbyte@spi_data      cstackCOMRAM  00008
stackhi                  (abs)         00F3F
stacklo                  (abs)         00060
start                    init          00000
start_initialization     cinit         1FEB0


FUNCTION INFORMATION:

 *************** function _main *****************
 Defined at:
		line 36 in file "SPI_Driver_Platform.c"
 Parameters:    Size  Location     Type
		None
 Auto vars:     Size  Location     Type
		None
 Return value:  Size  Location     Type
		None               void
 Registers used:
		wreg, status,2, status,0, cstack
 Tracked objects:
		On entry : 
		On exit  : 
		Unchanged: 
 Data sizes:     COMRAM   BANK0   BANK1   BANK2   BANK3   BANK4   BANK5   BANK6   BANK7   BANK8   BANK9  BANK10  BANK11  BANK12  BANK13  BANK14  BANK15
      Params:         0       0       0       0       0       0       0       0       0       0       0       0       0       0       0       0       0
      Locals:         0       0       0       0       0       0       0       0       0       0       0       0       0       0       0       0       0
      Temps:          0       0       0       0       0       0       0       0       0       0       0       0       0       0       0       0       0
      Totals:         0       0       0       0       0       0       0       0       0       0       0       0       0       0       0       0       0
Total ram usage:        0 bytes
 Hardware stack levels required when called:    3
 This function calls:
		_ini_spi_rtcc
		_ini_spi_time
		_spi_rtcc_rd
		_spi_rtcc_wr
 This function is called by:
		Startup code after reset
 This function uses a non-reentrant model


 *************** function _ini_spi_time *****************
 Defined at:
		line 137 in file "spi_rtcc_drivers.h"
 Parameters:    Size  Location     Type
		None
 Auto vars:     Size  Location     Type
		None
 Return value:  Size  Location     Type
		None               void
 Registers used:
		wreg, status,2, cstack
 Tracked objects:
		On entry : 
		On exit  : 
		Unchanged: 
 Data sizes:     COMRAM   BANK0   BANK1   BANK2   BANK3   BANK4   BANK5   BANK6   BANK7   BANK8   BANK9  BANK10  BANK11  BANK12  BANK13  BANK14  BANK15
      Params:         0       0       0       0       0       0       0       0       0       0       0       0       0       0       0       0       0
      Locals:         0       0       0       0       0       0       0       0       0       0       0       0       0       0       0       0       0
      Temps:          0       0       0       0       0       0       0       0       0       0       0       0       0       0       0       0       0
      Totals:         0       0       0       0       0       0       0       0       0       0       0       0       0       0       0       0       0
Total ram usage:        0 bytes
 Hardware stack levels used:    1
 Hardware stack levels required when called:    2
 This function calls:
		_spi_rtcc_wr
 This function is called by:
		_main
		_platform_RTC_init
 This function uses a non-reentrant model


 *************** function _ini_spi_rtcc *****************
 Defined at:
		line 126 in file "spi_rtcc_drivers.h"
 Parameters:    Size  Location     Type
		None
 Auto vars:     Size  Location     Type
		None
 Return value:  Size  Location     Type
		None               void
 Registers used:
		wreg, status,2, status,0, cstack
 Tracked objects:
		On entry : 
		On exit  : 
		Unchanged: 
 Data sizes:     COMRAM   BANK0   BANK1   BANK2   BANK3   BANK4   BANK5   BANK6   BANK7   BANK8   BANK9  BANK10  BANK11  BANK12  BANK13  BANK14  BANK15
      Params:         0       0       0       0       0       0       0       0       0       0       0       0       0       0       0       0       0
      Locals:         0       0       0       0       0       0       0       0       0       0       0       0       0       0       0       0       0
      Temps:          0       0       0       0       0       0       0       0       0       0       0       0       0       0       0       0       0
      Totals:         0       0       0       0       0       0       0       0       0       0       0       0       0       0       0       0       0
Total ram usage:        0 bytes
 Hardware stack levels used:    1
 Hardware stack levels required when called:    2
 This function calls:
		_spi_rtcc_rd
		_spi_rtcc_wr
 This function is called by:
		_main
		_platform_RTC_init
 This function uses a non-reentrant model


 *************** function _spi_rtcc_wr *****************
 Defined at:
		line 110 in file "spi_rtcc_drivers.h"
 Parameters:    Size  Location     Type
  rtcc_reg        1    wreg     unsigned char 
  time_var        1    1[COMRAM] unsigned char 
 Auto vars:     Size  Location     Type
  rtcc_reg        1    2[COMRAM] unsigned char 
 Return value:  Size  Location     Type
		None               void
 Registers used:
		wreg, status,2, cstack
 Tracked objects:
		On entry : 
		On exit  : 
		Unchanged: 
 Data sizes:     COMRAM   BANK0   BANK1   BANK2   BANK3   BANK4   BANK5   BANK6   BANK7   BANK8   BANK9  BANK10  BANK11  BANK12  BANK13  BANK14  BANK15
      Params:         1       0       0       0       0       0       0       0       0       0       0       0       0       0       0       0       0
      Locals:         1       0       0       0       0       0       0       0       0       0       0       0       0       0       0       0       0
      Temps:          0       0       0       0       0       0       0       0       0       0       0       0       0       0       0       0       0
      Totals:         2       0       0       0       0       0       0       0       0       0       0       0       0       0       0       0       0
Total ram usage:        2 bytes
 Hardware stack levels used:    1
 Hardware stack levels required when called:    1
 This function calls:
		_spi_rtcc_start
		_spi_rtcc_stop
		_spi_wrbyte
 This function is called by:
		_ini_spi_rtcc
		_ini_spi_time
		_main
		_platform_RTC_write
 This function uses a non-reentrant model


 *************** function _spi_rtcc_rd *****************
 Defined at:
		line 118 in file "spi_rtcc_drivers.h"
 Parameters:    Size  Location     Type
  rtcc_reg        1    wreg     unsigned char 
 Auto vars:     Size  Location     Type
  rtcc_reg        1    1[COMRAM] unsigned char 
 Return value:  Size  Location     Type
                  1    wreg      unsigned char 
 Registers used:
		wreg, status,2, cstack
 Tracked objects:
		On entry : 
		On exit  : 
		Unchanged: 
 Data sizes:     COMRAM   BANK0   BANK1   BANK2   BANK3   BANK4   BANK5   BANK6   BANK7   BANK8   BANK9  BANK10  BANK11  BANK12  BANK13  BANK14  BANK15
      Params:         0       0       0       0       0       0       0       0       0       0       0       0       0       0       0       0       0
      Locals:         1       0       0       0       0       0       0       0       0       0       0       0       0       0       0       0       0
      Temps:          0       0       0       0       0       0       0       0       0       0       0       0       0       0       0       0       0
      Totals:         1       0       0       0       0       0       0       0       0       0       0       0       0       0       0       0       0
Total ram usage:        1 bytes
 Hardware stack levels used:    1
 Hardware stack levels required when called:    1
 This function calls:
		_spi_rdbyte
		_spi_rtcc_start
		_spi_rtcc_stop
		_spi_wrbyte
 This function is called by:
		_ini_spi_rtcc
		_main
		_platform_RTC_read
 This function uses a non-reentrant model


 *************** function _spi_wrbyte *****************
 Defined at:
		line 44 in file "spi_drivers.h"
 Parameters:    Size  Location     Type
  spi_data        1    wreg     unsigned char 
 Auto vars:     Size  Location     Type
  spi_data        1    0[COMRAM] unsigned char 
 Return value:  Size  Location     Type
		None               void
 Registers used:
		wreg
 Tracked objects:
		On entry : 
		On exit  : 
		Unchanged: 
 Data sizes:     COMRAM   BANK0   BANK1   BANK2   BANK3   BANK4   BANK5   BANK6   BANK7   BANK8   BANK9  BANK10  BANK11  BANK12  BANK13  BANK14  BANK15
      Params:         0       0       0       0       0       0       0       0       0       0       0       0       0       0       0       0       0
      Locals:         1       0       0       0       0       0       0       0       0       0       0       0       0       0       0       0       0
      Temps:          0       0       0       0       0       0       0       0       0       0       0       0       0       0       0       0       0
      Totals:         1       0       0       0       0       0       0       0       0       0       0       0       0       0       0       0       0
Total ram usage:        1 bytes
 Hardware stack levels used:    1
 This function calls:
		Nothing
 This function is called by:
		_spi_rtcc_wr
		_spi_rtcc_rd
 This function uses a non-reentrant model


 *************** function _spi_rtcc_stop *****************
 Defined at:
		line 62 in file "spi_drivers.h"
 Parameters:    Size  Location     Type
		None
 Auto vars:     Size  Location     Type
		None
 Return value:  Size  Location     Type
		None               void
 Registers used:
		None
 Tracked objects:
		On entry : 
		On exit  : 
		Unchanged: 
 Data sizes:     COMRAM   BANK0   BANK1   BANK2   BANK3   BANK4   BANK5   BANK6   BANK7   BANK8   BANK9  BANK10  BANK11  BANK12  BANK13  BANK14  BANK15
      Params:         0       0       0       0       0       0       0       0       0       0       0       0       0       0       0       0       0
      Locals:         0       0       0       0       0       0       0       0       0       0       0       0       0       0       0       0       0
      Temps:          0       0       0       0       0       0       0       0       0       0       0       0       0       0       0       0       0
      Totals:         0       0       0       0       0       0       0       0       0       0       0       0       0       0       0       0       0
Total ram usage:        0 bytes
 Hardware stack levels used:    1
 This function calls:
		Nothing
 This function is called by:
		_spi_rtcc_wr
		_spi_rtcc_rd
 This function uses a non-reentrant model


 *************** function _spi_rtcc_start *****************
 Defined at:
		line 58 in file "spi_drivers.h"
 Parameters:    Size  Location     Type
		None
 Auto vars:     Size  Location     Type
		None
 Return value:  Size  Location     Type
		None               void
 Registers used:
		None
 Tracked objects:
		On entry : 
		On exit  : 
		Unchanged: 
 Data sizes:     COMRAM   BANK0   BANK1   BANK2   BANK3   BANK4   BANK5   BANK6   BANK7   BANK8   BANK9  BANK10  BANK11  BANK12  BANK13  BANK14  BANK15
      Params:         0       0       0       0       0       0       0       0       0       0       0       0       0       0       0       0       0
      Locals:         0       0       0       0       0       0       0       0       0       0       0       0       0       0       0       0       0
      Temps:          0       0       0       0       0       0       0       0       0       0       0       0       0       0       0       0       0
      Totals:         0       0       0       0       0       0       0       0       0       0       0       0       0       0       0       0       0
Total ram usage:        0 bytes
 Hardware stack levels used:    1
 This function calls:
		Nothing
 This function is called by:
		_spi_rtcc_wr
		_spi_rtcc_rd
 This function uses a non-reentrant model


 *************** function _spi_rdbyte *****************
 Defined at:
		line 49 in file "spi_drivers.h"
 Parameters:    Size  Location     Type
		None
 Auto vars:     Size  Location     Type
  aux             1    0[COMRAM] unsigned char 
 Return value:  Size  Location     Type
                  1    wreg      unsigned char 
 Registers used:
		wreg, status,2
 Tracked objects:
		On entry : 
		On exit  : 
		Unchanged: 
 Data sizes:     COMRAM   BANK0   BANK1   BANK2   BANK3   BANK4   BANK5   BANK6   BANK7   BANK8   BANK9  BANK10  BANK11  BANK12  BANK13  BANK14  BANK15
      Params:         0       0       0       0       0       0       0       0       0       0       0       0       0       0       0       0       0
      Locals:         1       0       0       0       0       0       0       0       0       0       0       0       0       0       0       0       0
      Temps:          0       0       0       0       0       0       0       0       0       0       0       0       0       0       0       0       0
      Totals:         1       0       0       0       0       0       0       0       0       0       0       0       0       0       0       0       0
Total ram usage:        1 bytes
 Hardware stack levels used:    1
 This function calls:
		Nothing
 This function is called by:
		_spi_rtcc_rd
 This function uses a non-reentrant model



MODULE INFORMATION

Module		Function		Class		Link	Load	Size
SPI_Driver_Platform.c
		_main          		CODE           	1FF80	0000	121

SPI_Driver_Platform.c estimated size: 121

shared
		__initializatio		CODE           	1FEB0	0000	13

shared estimated size: 13

spi_rtcc_drivers.h
		_spi_rtcc_rd   		CODE           	1FF16	0000	35
		_spi_rtcc_wr   		CODE           	1FED8	0000	31
		_ini_spi_rtcc  		CODE           	1FEF6	0000	33
		_ini_spi_time  		CODE           	1FF38	0000	73

spi_rtcc_drivers.h estimated size: 172

spi_drivers.h
		_spi_rtcc_stop 		CODE           	1FE9A	0000	7
		_spi_rtcc_start		CODE           	1FE94	0000	7
		_spi_wrbyte    		CODE           	1FEA0	0000	17
		_spi_rdbyte    		CODE           	1FEC2	0000	23

spi_drivers.h estimated size: 54

